2025-12-07T23:13:33.4416537Z packet 1 len=7 first='|' (0x7C)
0000: 7C 00 00 07 95 7D 08                             |....}.

2025-12-07T23:13:33.4525756Z packet 2 len=118 first='@' (0x40)
0000: 40 02 01 00 03 00 01 21 00 00 00 46 04 12 01 C8  @......!...F....
0010: 00 40 00 00 00 07 00 15 00 FF 96 00 00 00 28 AD  .@............(.
0020: 71 38 10 28 01 01 38 16 00 00 00 00 00 00 00 00  q8.(..8.........
0030: 34 3C 90 05 98 05 DE 14 88 32 D1 28 9C 19 2C 3F  4<.......2.(..,?
0040: 34 3C 00 00 00 00 00 00 00 00 00 00 00 00 00 00  4<..............
0050: 00 00 00 00 00 00 00 00 00 00 00 00 00 00 00 00  ................
0060: 00 00 00 00 00 00 00 00 00 00 00 00 00 00 06 06  ................
0070: 54 65 73 74 69 6E                                Testin

2025-12-07T23:13:33.4559166Z packet 3 len=9 first='^' (0x5E)
0000: 5E 0D 9E 3F 06 FF 00 00 00                       ^..?.....

2025-12-07T23:13:33.4584658Z packet 4 len=22 first='J' (0x4A)
0000: 4A 01 00 00 9E 3F 01 21 00 00 01 C6 00 FF 15 06  J....?.!........
0010: 54 65 73 74 69 6E                                Testin

2025-12-07T23:13:33.4605039Z packet 5 len=427 first='m' (0x6D)
0000: 6D 55 4F 43 B4 00 00 50 43 8C 00 00 51 43 8C 00  mUOC...PC...QC..
0010: 00 52 43 8C 00 00 53 43 8C 00 00 54 43 8C 00 00  .RC...SC...TC...
0020: 55 43 8C 00 00 56 43 8C 00 00 57 43 8C 00 00 58  UC...VC...WC...X
0030: 43 8C 00 00 59 43 8C 00 00 5A 43 97 00 00 5B 43  C...YC...ZC...[C
0040: 97 00 00 5C 43 97 00 00 5D 43 97 00 00 5E 43 8E  ...\C...]C...^C.
0050: 00 00 5F 43 A0 00 00 60 43 A0 00 00 61 43 A0 00  .._C...`C...aC..
0060: 00 62 43 A0 00 00 63 43 78 00 00 64 43 78 00 00  .bC...cCx..dCx..
0070: 65 43 78 00 00 66 43 78 00 00 67 43 97 00 00 68  eCx..fCx..gC...h
0080: 43 97 00 00 69 43 A0 00 00 6A 43 A0 00 00 6B 43  C...iC...jC...kC
0090: 97 00 00 6C 43 97 00 00 6D 43 8C 00 00 6E 43 8C  ...lC...mC...nC.
00A0: 00 00 6F 43 6F 00 00 70 43 66 00 00 71 43 66 00  ..oCo..pCf..qCf.
00B0: 00 72 43 66 00 00 73 43 66 00 00 74 43 97 00 00  .rCf..sCf..tC...
00C0: 75 43 97 00 00 76 43 88 00 00 77 43 88 00 00 78  uC...vC...wC...x
00D0: 43 88 00 00 79 43 66 00 00 7A 43 66 00 00 7B 43  C...yCf..zCf..{C
00E0: 8E 00 00 7C 43 8E 00 00 7D 43 8E 00 00 7E 43 8E  ...|C...}C...~C.
00F0: 00 00 7F 43 8E 00 00 80 43 88 00 00 81 43 88 00  ...C....C....C..
0100: 00 82 43 88 00 00 83 43 8C 00 00 84 43 8C 00 00  ..C....C....C...
0110: 85 43 8C 00 00 86 43 8C 00 00 87 43 8C 00 00 88  .C....C....C....
0120: 43 8C 00 00 89 43 8C 00 00 8A 43 8C 00 00 8B 43  C....C....C....C
0130: 8E 00 00 8C 43 8E 00 00 8D 43 8E 00 00 8E 43 8E  ....C....C....C.
0140: 00 00 8F 43 8E 00 00 90 43 8E 00 00 91 43 8E 00  ...C....C....C..
0150: 00 92 43 8E 00 00 93 43 8E 00 00 94 43 78 00 00  ..C....C....Cx..
0160: 95 43 78 00 00 96 43 78 00 00 97 43 8E 00 00 98  .Cx...Cx...C....
0170: 43 8C 00 00 99 43 8C 00 00 9A 43 8C 00 00 9B 43  C....C....C....C
0180: 8C 00 00 9C 43 8C 00 00 9D 43 8C 00 00 9E 43 00  ....C....C....C.
0190: 00 00 9F 43 6E 00 00 A0 43 32 00 00 A1 43 6F 00  ...Cn...C2...Co.
01A0: 00 A2 43 05 00 00 A3 43 70 00 00                 ..C....Cp..

2025-12-07T23:13:33.4615300Z packet 6 len=14 first='#' (0x23)
0000: 23 06 9E 43 9F 43 A0 43 A1 43 A2 43 A3 43        #..C.C.C.C.C.C

2025-12-07T23:13:33.4638957Z packet 7 len=7 first='&' (0x26)
0000: 26 00 6B 03 00 00 01                             &.k....

2025-12-07T23:13:33.4675200Z packet 8 len=6 first='P' (0x50)
0000: 50 00 00 9E 3F 01                                P...?.

2025-12-07T23:13:33.4694627Z packet 9 len=1 first='!' (0x21)
0000: 21                                               !

2025-12-07T23:13:33.4698546Z packet 10 len=39 first='I' (0x49)
0000: 49 47 24 42 69 65 6E 76 65 6E 69 64 6F 20 61 6C  IG$Bienvenido al
0010: 20 6D 75 6E 64 6F 20 64 65 20 41 72 74 65 73 20   mundo de Artes 
0020: 41 72 63 61 6E 61 73                             Arcanas

2025-12-07T23:13:33.4700678Z packet 11 len=57 first='I' (0x49)
0000: 49 47 36 53 65 72 76 69 64 6F 72 20 65 6E 20 6D  IG6Servidor en m
0010: 69 67 72 61 63 69 F3 6E 20 61 20 2E 4E 45 54 3A  igraci.n a .NET:
0020: 20 61 FA 6E 20 6E 6F 20 68 61 79 20 6D 75 6E 64   a.n no hay mund
0030: 6F 20 61 63 74 69 76 6F 2E                       o activo.

2025-12-07T23:13:33.4713562Z packet 12 len=31 first='I' (0x49)
0000: 49 47 1C 4E 6F 20 70 65 72 74 65 6E 65 63 65 73  IG.No perteneces
0010: 20 61 20 6E 69 6E 67 FA 6E 20 63 6C 61 6E 2E      a ning.n clan.

2025-12-07T23:13:33.4732437Z packet 13 len=2 first='I' (0x49)
0000: 49 18                                            I.

2025-12-07T23:13:33.5011782Z packet 14 len=6 first='P' (0x50)
0000: 50 58 43 59 99 05                                PXCY..

2025-12-07T23:13:33.5016715Z packet 15 len=6 first='P' (0x50)
0000: 50 5A 43 F0 8A 05                                PZC...

2025-12-07T23:13:33.5020025Z packet 16 len=6 first='P' (0x50)
0000: 50 64 43 CE C5 02                                PdC...

2025-12-07T23:13:33.5022545Z packet 17 len=6 first='P' (0x50)
0000: 50 69 43 1D 99 02                                PiC...

2025-12-07T23:13:33.5025315Z packet 18 len=6 first='P' (0x50)
0000: 50 7D 43 23 C0 05                                P}C#..

2025-12-07T23:13:33.5028075Z packet 19 len=6 first='P' (0x50)
0000: 50 9A 43 7A B6 07                                P.Cz..

2025-12-07T23:13:33.6089488Z packet 20 len=6 first='P' (0x50)
0000: 50 56 43 83 9D 00                                PVC...

2025-12-07T23:13:33.6093795Z packet 21 len=6 first='P' (0x50)
0000: 50 8F 43 31 C1 01                                P.C1..

2025-12-07T23:13:33.6096917Z packet 22 len=6 first='P' (0x50)
0000: 50 97 43 4A 5A 07                                P.CJZ.

2025-12-07T23:13:33.6099808Z packet 23 len=6 first='P' (0x50)
0000: 50 99 43 73 A5 01                                P.Cs..

2025-12-07T23:13:33.7034553Z packet 24 len=6 first='P' (0x50)
0000: 50 54 43 87 A4 00                                PTC...

2025-12-07T23:13:33.7039338Z packet 25 len=6 first='P' (0x50)
0000: 50 5F 43 2B 45 00                                P_C+E.

2025-12-07T23:13:33.7042015Z packet 26 len=6 first='P' (0x50)
0000: 50 62 43 2F 4D 01                                PbC/M.

2025-12-07T23:13:33.7044528Z packet 27 len=6 first='P' (0x50)
0000: 50 65 43 D4 CC 07                                PeC...

2025-12-07T23:13:33.7046921Z packet 28 len=6 first='P' (0x50)
0000: 50 6C 43 EE 90 07                                PlC...

2025-12-07T23:13:33.7049362Z packet 29 len=6 first='P' (0x50)
0000: 50 70 43 3E 0C 00                                PpC>..

2025-12-07T23:13:33.7052424Z packet 30 len=6 first='P' (0x50)
0000: 50 94 43 31 82 07                                P.C1..

2025-12-07T23:13:33.7055337Z packet 31 len=6 first='P' (0x50)
0000: 50 9C 43 87 99 00                                P.C...

2025-12-07T23:13:33.7980705Z packet 32 len=6 first='P' (0x50)
0000: 50 5B 43 F0 88 01                                P[C...

2025-12-07T23:13:33.7989217Z packet 33 len=6 first='P' (0x50)
0000: 50 8D 43 1F DF 04                                P.C...

2025-12-07T23:13:33.9073360Z packet 34 len=6 first='P' (0x50)
0000: 50 5E 43 53 4A 00                                P^CSJ.

2025-12-07T23:13:33.9077865Z packet 35 len=6 first='P' (0x50)
0000: 50 74 43 E8 9D 04                                PtC...

2025-12-07T23:13:33.9080437Z packet 36 len=6 first='P' (0x50)
0000: 50 77 43 24 57 07                                PwC$W.

2025-12-07T23:13:33.9083344Z packet 37 len=6 first='P' (0x50)
0000: 50 7F 43 1E BC 00                                P.C...

2025-12-07T23:13:33.9085433Z packet 38 len=6 first='P' (0x50)
0000: 50 86 43 69 37 04                                P.Ci7.

2025-12-07T23:13:33.9087975Z packet 39 len=6 first='P' (0x50)
0000: 50 8B 43 19 DD 03                                P.C...

2025-12-07T23:13:33.9091307Z packet 40 len=6 first='P' (0x50)
0000: 50 95 43 2D 80 04                                P.C-..

2025-12-07T23:13:34.0032838Z packet 41 len=6 first='P' (0x50)
0000: 50 4F 43 E7 25 02                                POC.%.

2025-12-07T23:13:34.0041011Z packet 42 len=6 first='P' (0x50)
0000: 50 76 43 28 51 03                                PvC(Q.

2025-12-07T23:13:34.0046541Z packet 43 len=6 first='P' (0x50)
0000: 50 8E 43 31 C6 00                                P.C1..

2025-12-07T23:13:34.0053583Z packet 44 len=6 first='P' (0x50)
0000: 50 91 43 1A D5 01                                P.C...

2025-12-07T23:13:34.0058338Z packet 45 len=6 first='P' (0x50)
0000: 50 93 43 13 D3 04                                P.C...

2025-12-07T23:13:34.0063061Z packet 46 len=6 first='P' (0x50)
0000: 50 9B 43 75 B9 01                                P.Cu..

2025-12-07T23:13:34.1094645Z packet 47 len=6 first='P' (0x50)
0000: 50 6A 43 1D 98 01                                PjC...

2025-12-07T23:13:34.1130522Z packet 48 len=6 first='P' (0x50)
0000: 50 7E 43 22 BF 02                                P~C"..

2025-12-07T23:13:34.1134045Z packet 49 len=6 first='P' (0x50)
0000: 50 89 43 9D AB 07                                P.C...

2025-12-07T23:13:34.1137728Z packet 50 len=6 first='P' (0x50)
0000: 50 8A 43 94 A3 05                                P.C...

2025-12-07T23:13:34.2028969Z packet 51 len=6 first='P' (0x50)
0000: 50 53 43 8C AC 03                                PSC...

2025-12-07T23:13:34.2035943Z packet 52 len=6 first='P' (0x50)
0000: 50 6B 43 EF 8A 03                                PkC...

2025-12-07T23:13:34.2041612Z packet 53 len=6 first='P' (0x50)
0000: 50 72 43 26 0C 05                                PrC&..

2025-12-07T23:13:34.2045462Z packet 54 len=6 first='P' (0x50)
0000: 50 7C 43 55 51 04                                P|CUQ.

2025-12-07T23:13:34.2048311Z packet 55 len=6 first='P' (0x50)
0000: 50 97 43 4B 5A 03                                P.CKZ.

2025-12-07T23:13:34.3099744Z packet 56 len=6 first='P' (0x50)
0000: 50 57 43 8E 9B 07                                PWC...

2025-12-07T23:13:34.3104775Z packet 57 len=6 first='P' (0x50)
0000: 50 6D 43 50 92 02                                PmCP..

2025-12-07T23:13:34.3108398Z packet 58 len=6 first='P' (0x50)
0000: 50 73 43 2C 05 04                                PsC,..

2025-12-07T23:13:34.3111788Z packet 59 len=6 first='P' (0x50)
0000: 50 7A 43 2C 0B 05                                PzC,..

2025-12-07T23:13:34.3114026Z packet 60 len=6 first='P' (0x50)
0000: 50 7D 43 24 C1 07                                P}C$..

2025-12-07T23:13:34.3116843Z packet 61 len=6 first='P' (0x50)
0000: 50 84 43 62 3A 00                                P.Cb:.

2025-12-07T23:13:34.3118888Z packet 62 len=6 first='P' (0x50)
0000: 50 85 43 68 35 03                                P.Ch5.

2025-12-07T23:13:34.3121554Z packet 63 len=6 first='P' (0x50)
0000: 50 96 43 2F 81 04                                P.C/..

2025-12-07T23:13:34.3123974Z packet 64 len=6 first='P' (0x50)
0000: 50 9C 43 86 99 02                                P.C...

2025-12-07T23:13:34.4030989Z packet 65 len=6 first='P' (0x50)
0000: 50 52 43 87 B3 07                                PRC...

2025-12-07T23:13:34.4034507Z packet 66 len=6 first='P' (0x50)
0000: 50 55 43 8D A6 03                                PUC...

2025-12-07T23:13:34.4037221Z packet 67 len=6 first='P' (0x50)
0000: 50 58 43 5A 99 03                                PXCZ..

2025-12-07T23:13:34.4039454Z packet 68 len=6 first='P' (0x50)
0000: 50 71 43 38 12 05                                PqC8..

2025-12-07T23:13:34.4041929Z packet 69 len=6 first='P' (0x50)
0000: 50 78 43 2A 52 01                                PxC*R.

2025-12-07T23:13:34.4044113Z packet 70 len=6 first='P' (0x50)
0000: 50 79 43 2B 12 01                                PyC+..

2025-12-07T23:13:34.4046604Z packet 71 len=6 first='P' (0x50)
0000: 50 87 43 57 34 04                                P.CW4.

2025-12-07T23:13:34.4049135Z packet 72 len=6 first='P' (0x50)
0000: 50 88 43 5C 35 05                                P.C\5.

2025-12-07T23:13:34.4051763Z packet 73 len=6 first='P' (0x50)
0000: 50 92 43 18 DB 06                                P.C...

2025-12-07T23:13:34.5109686Z packet 74 len=6 first='P' (0x50)
0000: 50 50 43 7D B5 07                                PPC}..

2025-12-07T23:13:34.5115316Z packet 75 len=6 first='P' (0x50)
0000: 50 54 43 86 A4 02                                PTC...

2025-12-07T23:13:34.5118223Z packet 76 len=6 first='P' (0x50)
0000: 50 56 43 82 9C 06                                PVC...

2025-12-07T23:13:34.5120541Z packet 77 len=6 first='P' (0x50)
0000: 50 5C 43 EE 93 06                                P\C...

2025-12-07T23:13:34.5122676Z packet 78 len=6 first='P' (0x50)
0000: 50 67 43 E7 8D 06                                PgC...

2025-12-07T23:13:34.5124906Z packet 79 len=6 first='P' (0x50)
0000: 50 6C 43 ED 8F 06                                PlC...

2025-12-07T23:13:34.5127348Z packet 80 len=6 first='P' (0x50)
0000: 50 75 43 E9 97 01                                PuC...

2025-12-07T23:13:34.5129507Z packet 81 len=6 first='P' (0x50)
0000: 50 80 43 18 8D 07                                P.C...

2025-12-07T23:13:34.5132169Z packet 82 len=6 first='P' (0x50)
0000: 50 90 43 29 C9 01                                P.C)..

2025-12-07T23:13:34.5134607Z packet 83 len=6 first='P' (0x50)
0000: 50 98 43 76 A6 05                                P.Cv..

2025-12-07T23:13:34.5136911Z packet 84 len=6 first='P' (0x50)
0000: 50 9D 43 88 A2 07                                P.C...

2025-12-07T23:13:34.6055081Z packet 85 len=6 first='P' (0x50)
0000: 50 51 43 80 B2 03                                PQC...

2025-12-07T23:13:34.6348822Z packet 86 len=6 first='P' (0x50)
0000: 50 83 43 61 3C 01                                P.Ca<.

2025-12-07T23:13:34.6574189Z packet 87 len=6 first='P' (0x50)
0000: 50 8C 43 1D E3 05                                P.C...

2025-12-07T23:13:34.7002486Z packet 88 len=6 first='P' (0x50)
0000: 50 68 43 E8 93 03                                PhC...

2025-12-07T23:13:34.7012304Z packet 89 len=6 first='P' (0x50)
0000: 50 74 43 E8 9C 00                                PtC...

2025-12-07T23:13:34.7015035Z packet 90 len=6 first='P' (0x50)
0000: 50 89 43 9C AB 02                                P.C...

2025-12-07T23:13:34.7019896Z packet 91 len=6 first='P' (0x50)
0000: 50 8B 43 1A DC 04                                P.C...

2025-12-07T23:13:34.8090765Z packet 92 len=6 first='P' (0x50)
0000: 50 59 43 60 9B 03                                PYC`..

2025-12-07T23:13:34.8094595Z packet 93 len=6 first='P' (0x50)
0000: 50 5B 43 EF 87 06                                P[C...

2025-12-07T23:13:34.8098137Z packet 94 len=6 first='P' (0x50)
0000: 50 7B 43 47 54 05                                P{CGT.

2025-12-07T23:13:34.8101385Z packet 95 len=6 first='P' (0x50)
0000: 50 8F 43 30 C2 05                                P.C0..

2025-12-07T23:13:34.8103660Z packet 96 len=6 first='P' (0x50)
0000: 50 93 43 14 D4 07                                P.C...

2025-12-07T23:13:34.9010981Z packet 97 len=6 first='P' (0x50)
0000: 50 60 43 26 47 03                                P`C&G.

2025-12-07T23:13:34.9016211Z packet 98 len=6 first='P' (0x50)
0000: 50 65 43 D4 CD 01                                PeC...

2025-12-07T23:13:34.9019948Z packet 99 len=6 first='P' (0x50)
0000: 50 6F 43 C3 E2 03                                PoC...

2025-12-07T23:13:34.9022344Z packet 100 len=6 first='P' (0x50)
0000: 50 82 43 13 90 05                                P.C...

2025-12-07T23:13:34.9024525Z packet 101 len=6 first='P' (0x50)
0000: 50 96 43 2E 81 02                                P.C...

2025-12-07T23:13:34.9027108Z packet 102 len=6 first='P' (0x50)
0000: 50 9B 43 76 BA 07                                P.Cv..

2025-12-07T23:13:34.9952522Z packet 103 len=6 first='P' (0x50)
0000: 50 4F 43 E7 26 01                                POC.&.

2025-12-07T23:13:34.9956160Z packet 104 len=6 first='P' (0x50)
0000: 50 53 43 8C AB 00                                PSC...

2025-12-07T23:13:34.9959134Z packet 105 len=6 first='P' (0x50)
0000: 50 5D 43 EA 8F 01                                P]C...

2025-12-07T23:13:34.9962090Z packet 106 len=6 first='P' (0x50)
0000: 50 6A 43 1D 97 00                                PjC...

2025-12-07T23:13:34.9965003Z packet 107 len=6 first='P' (0x50)
0000: 50 6B 43 EF 89 00                                PkC...

2025-12-07T23:13:34.9967897Z packet 108 len=6 first='P' (0x50)
0000: 50 81 43 19 85 04                                P.C...

2025-12-07T23:13:34.9970322Z packet 109 len=6 first='P' (0x50)
0000: 50 85 43 67 34 06                                P.Cg4.

2025-12-07T23:13:34.9972728Z packet 110 len=6 first='P' (0x50)
0000: 50 8D 43 1F DE 00                                P.C...

2025-12-07T23:13:34.9974971Z packet 111 len=6 first='P' (0x50)
0000: 50 8E 43 31 C5 00                                P.C1..

2025-12-07T23:13:34.9977247Z packet 112 len=6 first='P' (0x50)
0000: 50 97 43 4A 5A 02                                P.CJZ.

2025-12-07T23:13:35.1049990Z packet 113 len=6 first='P' (0x50)
0000: 50 57 43 8D 9C 05                                PWC...

2025-12-07T23:13:35.1055121Z packet 114 len=6 first='P' (0x50)
0000: 50 5A 43 F0 89 00                                PZC...

2025-12-07T23:13:35.1061224Z packet 115 len=6 first='P' (0x50)
0000: 50 64 43 CD C5 02                                PdC...

2025-12-07T23:13:35.1063658Z packet 116 len=6 first='P' (0x50)
0000: 50 66 43 CC CF 05                                PfC...

2025-12-07T23:13:35.1066930Z packet 117 len=6 first='P' (0x50)
0000: 50 67 43 E7 8E 01                                PgC...

2025-12-07T23:13:35.1071564Z packet 118 len=6 first='P' (0x50)
0000: 50 6C 43 EE 8F 03                                PlC...

2025-12-07T23:13:35.1074174Z packet 119 len=6 first='P' (0x50)
0000: 50 70 43 3E 0D 01                                PpC>..

2025-12-07T23:13:35.1076985Z packet 120 len=6 first='P' (0x50)
0000: 50 72 43 27 0B 04                                PrC'..

2025-12-07T23:13:35.1081608Z packet 121 len=6 first='P' (0x50)
0000: 50 77 43 25 58 07                                PwC%X.

2025-12-07T23:13:35.1084386Z packet 122 len=6 first='P' (0x50)
0000: 50 7C 43 56 52 07                                P|CVR.

2025-12-07T23:13:35.1086787Z packet 123 len=6 first='P' (0x50)
0000: 50 84 43 61 39 06                                P.Ca9.

2025-12-07T23:13:35.1090223Z packet 124 len=6 first='P' (0x50)
0000: 50 90 43 29 C8 00                                P.C)..

2025-12-07T23:13:35.1092474Z packet 125 len=6 first='P' (0x50)
0000: 50 94 43 30 82 02                                P.C0..

2025-12-07T23:13:35.1094651Z packet 126 len=6 first='P' (0x50)
0000: 50 99 43 74 A6 07                                P.Ct..

2025-12-07T23:13:35.1097069Z packet 127 len=6 first='P' (0x50)
0000: 50 9C 43 87 9A 07                                P.C...

2025-12-07T23:13:35.1105348Z packet 128 len=6 first='P' (0x50)
0000: 50 9D 43 88 A3 01                                P.C...

